<?xml version="1.0" encoding="UTF-8"?>
<testsuites name="jest tests" tests="2" failures="0" errors="0" time="0.692">
  <testsuite name="Test de l&apos;application" errors="0" failures="0" skipped="0" timestamp="2025-03-29T12:50:42" time="0.634" tests="2">
    <testcase classname="Test de l&apos;application GET / devrait retourner un message" name="Test de l&apos;application GET / devrait retourner un message" time="0.03">
    </testcase>
    <testcase classname="Test de l&apos;application GET /health devrait retourner un statut OK" name="Test de l&apos;application GET /health devrait retourner un statut OK" time="0.005">
    </testcase>
  </testsuite>
</testsuites>